// Jest Snapshot v1, https://goo.gl/fbAQLP

exports[`Menu renders correctly 1`] = `
<div
  css={
    Object {
      "display": "grid",
      "gridTemplateColumns": "min-content auto",
    }
  }
>
  <img
    css={
      Object {
        "@media(min-width:820px)": Object {
          "opacity": "0",
        },
        "paddingBottom": "20px",
        "paddingTop": "20px",
        "transition": "0.5s",
      }
    }
    src="test-file-stub"
  />
  <div
    align="right"
    css={
      Object {
        " li": Object {
          "listStyleType": "none",
        },
        "@media(max-width: 820px)": Object {
          "display": "none",
        },
        "display": "grid",
        "height": "84px",
        "marginLeft": "auto",
        "paddingBottom": "32px",
        "paddingTop": "32px",
        "transition": "1s",
      }
    }
  >
    <Scrollspy
      componentTag="ul"
      css={
        Object {
          "display": "grid",
          "gridColumnGap": "50px",
          "gridTemplateColumns": "min-content min-content min-content min-content ",
        }
      }
      currentClassName="is-current"
      items={
        Array [
          "THIS",
          "IS",
          "A",
          "TEST",
        ]
      }
      offset={0}
      onUpdate={[Function]}
      style={Object {}}
    >
      <li
        css={
          Object {
            ":hover": Object {
              " a": Object {
                "color": "#00205b",
              },
              ">div": Object {
                "height": "2px",
                "width": "100%",
              },
            },
          }
        }
        key="THIS"
      >
        <a
          css={
            Object {
              "lineHeight": "1.43",
              "paddingLeft": "2px",
              "paddingRight": "2px",
              "textAlign": "center",
              "textTransform": "uppercase",
            }
          }
          href="#THIS"
        >
          THIS
        </a>
        <div
          css={
            Object {
              "backgroundColor": "#00205b",
              "height": "2px",
              "marginLeft": "auto",
              "marginRight": "auto",
              "transition": "0.5s",
              "width": "0px",
            }
          }
        />
      </li>
      <li
        css={
          Object {
            ":hover": Object {
              " a": Object {
                "color": "#00205b",
              },
              ">div": Object {
                "height": "2px",
                "width": "100%",
              },
            },
          }
        }
        key="IS"
      >
        <a
          css={
            Object {
              "lineHeight": "1.43",
              "paddingLeft": "2px",
              "paddingRight": "2px",
              "textAlign": "center",
              "textTransform": "uppercase",
            }
          }
          href="#IS"
        >
          IS
        </a>
        <div
          css={
            Object {
              "backgroundColor": "#00205b",
              "height": "2px",
              "marginLeft": "auto",
              "marginRight": "auto",
              "transition": "0.5s",
              "width": "0px",
            }
          }
        />
      </li>
      <li
        css={
          Object {
            ":hover": Object {
              " a": Object {
                "color": "#00205b",
              },
              ">div": Object {
                "height": "2px",
                "width": "100%",
              },
            },
          }
        }
        key="A"
      >
        <a
          css={
            Object {
              "lineHeight": "1.43",
              "paddingLeft": "2px",
              "paddingRight": "2px",
              "textAlign": "center",
              "textTransform": "uppercase",
            }
          }
          href="#A"
        >
          A
        </a>
        <div
          css={
            Object {
              "backgroundColor": "#00205b",
              "height": "2px",
              "marginLeft": "auto",
              "marginRight": "auto",
              "transition": "0.5s",
              "width": "0px",
            }
          }
        />
      </li>
      <li
        css={
          Object {
            ":hover": Object {
              " a": Object {
                "color": "#00205b",
              },
              ">div": Object {
                "height": "2px",
                "width": "100%",
              },
            },
          }
        }
        key="TEST"
      >
        <a
          css={
            Object {
              "lineHeight": "1.43",
              "paddingLeft": "2px",
              "paddingRight": "2px",
              "textAlign": "center",
              "textTransform": "uppercase",
            }
          }
          href="#TEST"
        >
          TEST
        </a>
        <div
          css={
            Object {
              "backgroundColor": "#00205b",
              "height": "2px",
              "marginLeft": "auto",
              "marginRight": "auto",
              "transition": "0.5s",
              "width": "0px",
            }
          }
        />
      </li>
    </Scrollspy>
  </div>
</div>
`;
