// Jest Snapshot v1, https://goo.gl/fbAQLP

exports[`ActionButton renders correctly 1`] = `
<button
  css={
    Object {
      "margin": "10px",
      "padding": "10px",
    }
  }
>
  TEST
</button>
`;
